e2b SSL verification disabled (verify_ssl=False)
==============================================================================
 RSIBench run  |  agent=pi  model=kimi-k3-nvidia  bench=science
==============================================================================
  task-agent : pi (headless via Harbor/SKYINFER)
  meta-agent : Pi/kimi-k3-nvidia (recursively edits the next Pi source generation)
  split      : train=12 test=12
  evolution  : steps=5 batch=12 effective_batch=12 proposals=1 delta=0.0
  rollouts   : train=3 test=3 effective_epochs=5.000
==============================================================================
/root/.cache/rsibench/skyinfer-runtime-0.5.1-e2b-2.20.3/lib/python3.12/site-packages/harbor/trial/network_policy.py:157: UserWarning: Run-specific allowlist host(s) ['inference-api.nvidia.com'] are ignored because the effective network policy is public.
  agent_phase = resolve_agent_phase_policy(
/root/.cache/rsibench/skyinfer-runtime-0.5.1-e2b-2.20.3/lib/python3.12/site-packages/harbor/trial/network_policy.py:157: UserWarning: Run-specific allowlist host(s) ['inference-api.nvidia.com'] are ignored because the effective network policy is public.
  agent_phase = resolve_agent_phase_policy(
-- step 1: rejected  d_t=-0.0556  rule=direct_full_training_pass1_screen_then_pass3_two_task_lift_no_severe_regression  tokens=7,652,211
/root/.cache/rsibench/skyinfer-runtime-0.5.1-e2b-2.20.3/lib/python3.12/site-packages/harbor/trial/network_policy.py:157: UserWarning: Run-specific allowlist host(s) ['inference-api.nvidia.com'] are ignored because the effective network policy is public.
  agent_phase = resolve_agent_phase_policy(
-- step 2: rejected  d_t=-0.0556  rule=direct_full_training_pass1_screen_then_pass3_two_task_lift_no_severe_regression  tokens=6,217,005
/root/.cache/rsibench/skyinfer-runtime-0.5.1-e2b-2.20.3/lib/python3.12/site-packages/harbor/trial/network_policy.py:157: UserWarning: Run-specific allowlist host(s) ['inference-api.nvidia.com'] are ignored because the effective network policy is public.
  agent_phase = resolve_agent_phase_policy(
-- step 3: rejected  d_t=-0.0556  rule=direct_full_training_pass1_screen_then_pass3_two_task_lift_no_severe_regression  tokens=6,499,716
/root/.cache/rsibench/skyinfer-runtime-0.5.1-e2b-2.20.3/lib/python3.12/site-packages/harbor/trial/network_policy.py:157: UserWarning: Run-specific allowlist host(s) ['inference-api.nvidia.com'] are ignored because the effective network policy is public.
  agent_phase = resolve_agent_phase_policy(
-- step 4: rejected  d_t=+0.0278  rule=direct_full_training_pass1_screen_then_pass3_two_task_lift_no_severe_regression  tokens=6,028,115
/root/.cache/rsibench/skyinfer-runtime-0.5.1-e2b-2.20.3/lib/python3.12/site-packages/harbor/trial/network_policy.py:157: UserWarning: Run-specific allowlist host(s) ['inference-api.nvidia.com'] are ignored because the effective network policy is public.
  agent_phase = resolve_agent_phase_policy(
/root/.cache/rsibench/skyinfer-runtime-0.5.1-e2b-2.20.3/lib/python3.12/site-packages/harbor/trial/network_policy.py:157: UserWarning: Run-specific allowlist host(s) ['inference-api.nvidia.com'] are ignored because the effective network policy is public.
  agent_phase = resolve_agent_phase_policy(
/root/.cache/rsibench/skyinfer-runtime-0.5.1-e2b-2.20.3/lib/python3.12/site-packages/harbor/trial/network_policy.py:157: UserWarning: Run-specific allowlist host(s) ['inference-api.nvidia.com'] are ignored because the effective network policy is public.
  agent_phase = resolve_agent_phase_policy(
-- step 5: rejected  d_t=  -     rule=direct_full_training_pass1_screen_then_pass3_two_task_lift_no_severe_regression  tokens=5,248,845
/root/.cache/rsibench/skyinfer-runtime-0.5.1-e2b-2.20.3/lib/python3.12/site-packages/harbor/trial/network_policy.py:157: UserWarning: Run-specific allowlist host(s) ['inference-api.nvidia.com'] are ignored because the effective network policy is public.
  agent_phase = resolve_agent_phase_policy(
  !! WARNING [A0 baseline]: 12/12 tasks errored (reward=0 from a failure, not the agent). Sample:
       - scienceagentbench-sab_13: harbor trial exception: PiProviderResponseError: Pi provider response error: HTTP 429
       - scienceagentbench-sab_2: harbor trial exception: PiProviderResponseError: Pi provider response error: HTTP 429
       - scienceagentbench-sab_22: harbor trial exception: PiProviderResponseError: Pi provider response error: HTTP 429
     ALL tasks errored — check RSIBENCH_SKYINFER_* / RSIBENCH_* endpoint+creds before trusting these numbers.
  !! WARNING [A0]: 12/12 tasks errored (reward=0 from a failure, not the agent). Sample:
       - scienceagentbench-sab_13: harbor trial exception: PiProviderResponseError: Pi provider response error: HTTP 429
       - scienceagentbench-sab_2: harbor trial exception: PiProviderResponseError: Pi provider response error: HTTP 429
       - scienceagentbench-sab_22: harbor trial exception: PiProviderResponseError: Pi provider response error: HTTP 429
     ALL tasks errored — check RSIBENCH_SKYINFER_* / RSIBENCH_* endpoint+creds before trusting these numbers.
==============================================================================
 SUMMARY
   baseline V_test_A0       : 0.0000
   final V_test_AT          : 0.0000
   delta_test (V_test lift) : +0.0000
   reward_delta_test        : +0.0000
   rsi_slope (lift / step)  : +0.0000
   acceptance_rate          : 0.00  (accepted: none)
   meta-agent spend         : 31,645,892 tok  $17.1011  (record-only)
   task-agent spend         : 15,542,088 tok  $0.0000
   whole experiment spend   : 47,187,980 tok  unknown
   run dir                  : /volume/ywan/yss/rsibench-master/runs/formal-science-kimi-k3-nvidia-meta-same-pi-skyinfer-8w-full-18-direct-g5-tr3-te3-20260829T082150Z/cells/science/kimi-k3-nvidia/pi/attempts/1
   !! RUN INVALID           : round 0 infrastructure-contaminated scoring: 12 task(s): scienceagentbench-sab_13, scienceagentbench-sab_2, scienceagentbench-sab_22, scienceagentbench-sab_26, scienceagentbench-sab_41, ... (+7); 252 physical infrastructure attempt(s); 252 unrecovered infrastructure attempt(s) observed; no valid terminal score is available
==============================================================================
