e2b SSL verification disabled (verify_ssl=False)
==============================================================================
 RSIBench run  |  agent=pi  model=glm-5-3  bench=terminal
==============================================================================
  task-agent : pi (headless via Harbor/SKYINFER)
  meta-agent : Pi/glm-5-3 (recursively edits the next Pi source generation)
  split      : train=15 test=15
  evolution  : steps=5 batch=15 effective_batch=15 proposals=1 delta=0.0
  rollouts   : train=3 test=3 effective_epochs=5.000
==============================================================================
/root/.cache/rsibench/skyinfer-runtime-0.5.1-e2b-2.20.3/lib/python3.12/site-packages/harbor/trial/network_policy.py:157: UserWarning: Run-specific allowlist host(s) ['open.bigmodel.cn'] are ignored because the effective network policy is public.
  agent_phase = resolve_agent_phase_policy(
/root/.cache/rsibench/skyinfer-runtime-0.5.1-e2b-2.20.3/lib/python3.12/site-packages/harbor/trial/network_policy.py:157: UserWarning: Run-specific allowlist host(s) ['open.bigmodel.cn'] are ignored because the effective network policy is public.
  agent_phase = resolve_agent_phase_policy(
-- step 1: rejected  d_t=+0.0444  rule=direct_full_training_two_task_lift_no_severe_regression  tokens=10,042,757
/root/.cache/rsibench/skyinfer-runtime-0.5.1-e2b-2.20.3/lib/python3.12/site-packages/harbor/trial/network_policy.py:157: UserWarning: Run-specific allowlist host(s) ['open.bigmodel.cn'] are ignored because the effective network policy is public.
  agent_phase = resolve_agent_phase_policy(
-- step 2: rejected  d_t=-0.0222  rule=direct_full_training_two_task_lift_no_severe_regression  tokens=2,348,837
/root/.cache/rsibench/skyinfer-runtime-0.5.1-e2b-2.20.3/lib/python3.12/site-packages/harbor/trial/network_policy.py:157: UserWarning: Run-specific allowlist host(s) ['open.bigmodel.cn'] are ignored because the effective network policy is public.
  agent_phase = resolve_agent_phase_policy(
-- step 3: rejected  d_t=-0.0667  rule=direct_full_training_two_task_lift_no_severe_regression  tokens=10,531,165
/root/.cache/rsibench/skyinfer-runtime-0.5.1-e2b-2.20.3/lib/python3.12/site-packages/harbor/trial/network_policy.py:157: UserWarning: Run-specific allowlist host(s) ['open.bigmodel.cn'] are ignored because the effective network policy is public.
  agent_phase = resolve_agent_phase_policy(
-- step 4: ACCEPTED  d_t=+0.0667  rule=direct_full_training_two_task_lift_no_severe_regression  tokens=10,358,761
-- step 5: rejected  d_t=  -     rule=direct_full_training_two_task_lift_no_severe_regression  tokens=0
/root/.cache/rsibench/skyinfer-runtime-0.5.1-e2b-2.20.3/lib/python3.12/site-packages/harbor/trial/network_policy.py:157: UserWarning: Run-specific allowlist host(s) ['open.bigmodel.cn'] are ignored because the effective network policy is public.
  agent_phase = resolve_agent_phase_policy(
  !! WARNING [A0 baseline]: 15/15 tasks errored (reward=0 from a failure, not the agent). Sample:
       - terminal-bench-cancel-async-tasks: harbor trial exception: PiProviderResponseError: Pi provider response error: HTTP 429
       - terminal-bench-db-wal-recovery: harbor trial exception: PiProviderResponseError: Pi provider response error: HTTP 429
       - terminal-bench-dna-assembly: harbor trial exception: PiProviderResponseError: Pi provider response error: HTTP 429
     ALL tasks errored — check RSIBENCH_SKYINFER_* / RSIBENCH_* endpoint+creds before trusting these numbers.
  !! WARNING [A4]: 1/15 tasks errored (reward=0 from a failure, not the agent). Sample:
       - terminal-bench-cancel-async-tasks: infra retries exhausted for repeat(s): harbor trial exception: PiProviderResponseError: Pi provider response error: HTTP 429
==============================================================================
 SUMMARY
   baseline V_test_A0       : 0.0000
   final V_test_AT          : 0.4286
   delta_test (V_test lift) : +0.4286
   reward_delta_test        : +0.4286
   rsi_slope (lift / step)  : +0.0857
   acceptance_rate          : 0.20  (accepted: [4])
   meta-agent spend         : 33,281,520 tok  $0.0000  (record-only)
   task-agent spend         : 276,040,220 tok  $0.0000
   run dir                  : /volume/ywan/yss/rsibench/runs/formal-terminal-glm-5-3-meta-same-pi-skyinfer-8w-full-18-direct-g5-tr3-te3-20260827T190327Z/cells/terminal/glm-5-3/pi/attempts/1
   !! RUN INVALID           : round 0 infrastructure-contaminated scoring: 15 task(s): terminal-bench-cancel-async-tasks, terminal-bench-db-wal-recovery, terminal-bench-dna-assembly, terminal-bench-dna-insert, terminal-bench-extract-elf, ... (+10); 315 physical infrastructure attempt(s); round 4 infrastructure-contaminated scoring: 1 task(s): terminal-bench-cancel-async-tasks; 9 physical infrastructure attempt(s); 322 unrecovered infrastructure attempt(s) observed; no valid terminal score is available
==============================================================================
