e2b SSL verification disabled (verify_ssl=False)
==============================================================================
 RSIBench run  |  agent=pi  model=kimi-k3  bench=terminal
==============================================================================
  task-agent : pi (headless via Harbor/SKYINFER)
  meta-agent : Pi/kimi-k3 (recursively edits the next Pi source generation)
  split      : train=15 test=15
  evolution  : steps=5 batch=15 effective_batch=15 proposals=1 delta=0.0
  rollouts   : train=3 test=3 effective_epochs=5.000
==============================================================================
/root/.cache/rsibench/skyinfer-runtime-0.5.1-e2b-2.20.3/lib/python3.12/site-packages/harbor/trial/network_policy.py:157: UserWarning: Run-specific allowlist host(s) ['joyrouter.jd.com'] are ignored because the effective network policy is public.
  agent_phase = resolve_agent_phase_policy(
/root/.cache/rsibench/skyinfer-runtime-0.5.1-e2b-2.20.3/lib/python3.12/site-packages/harbor/trial/network_policy.py:157: UserWarning: Run-specific allowlist host(s) ['joyrouter.jd.com'] are ignored because the effective network policy is public.
  agent_phase = resolve_agent_phase_policy(
/root/.cache/rsibench/skyinfer-runtime-0.5.1-e2b-2.20.3/lib/python3.12/site-packages/harbor/trial/network_policy.py:157: UserWarning: Run-specific allowlist host(s) ['joyrouter.jd.com'] are ignored because the effective network policy is public.
  agent_phase = resolve_agent_phase_policy(
-- step 1: rejected  d_t=-0.2667  rule=direct_full_training_two_task_lift_no_severe_regression  tokens=5,961,575
/root/.cache/rsibench/skyinfer-runtime-0.5.1-e2b-2.20.3/lib/python3.12/site-packages/harbor/trial/network_policy.py:157: UserWarning: Run-specific allowlist host(s) ['joyrouter.jd.com'] are ignored because the effective network policy is public.
  agent_phase = resolve_agent_phase_policy(
-- step 2: rejected  d_t=-0.3111  rule=direct_full_training_two_task_lift_no_severe_regression  tokens=3,503,526
-- step 3: rejected  d_t=  -     rule=direct_full_training_two_task_lift_no_severe_regression  tokens=4,079,172
/root/.cache/rsibench/skyinfer-runtime-0.5.1-e2b-2.20.3/lib/python3.12/site-packages/harbor/trial/network_policy.py:157: UserWarning: Run-specific allowlist host(s) ['joyrouter.jd.com'] are ignored because the effective network policy is public.
  agent_phase = resolve_agent_phase_policy(
-- step 4: rejected  d_t=-0.2444  rule=direct_full_training_two_task_lift_no_severe_regression  tokens=4,452,768
